Alabama
AL
Ala.
Alaska
AK
Alas.
Arizona
AZ
Ariz.
Az.
Arkansas
AR
Ark.
California
CA
Calif.
Ca.
Cal.
Colorado
CO
Colo.
Col.
Connecticut
CT
Conn.
Ct.
Delaware
DE
Del.
De.
District of Columbia
DC
D.C.
Florida
FL
Fla.
Fl.
Flor.
Georgia
GA
Ga.
Hawaii
HI
H.I.
Idaho
ID
Id.
Ida.
Illinois
IL
Ill.
Il.
Ills.
Indiana
IN
Ind.
In.
Iowa
IA
Ia.
Kansas
KS
Kans.
Kan.
Ks.
Ka.
Kentucky
KY
Ky.
Ken.
Kent.
Louisiana
LA
La.
Maine
ME
Me.
Maryland
MD
Md.
Massachusetts
MA
Mass.
Michigan
MI
Mich.
Minnesota
MN
Minn.
Mn.
Mississippi
MS
Miss.
Missouri
MO
Mo.
Montana
MT
Mont.
Nebraska
NE
Nebr.
Neb.
Nevada
NV
Nev.
Nv.
New Hampshire
NH
N.H.
New Jersey
NJ
N.J.
New Mexico
NM
N.M.
N. Mex.
N.Mex.
New M.
New York
NY
N.Y.
N. York
N.York
North Carolina
NC
N.C.
N.Car.
N. Car.
North Dakota
ND
N. Dak.
N.Dak.
N.D.
Ohio
OH
Oh.
Oklahoma
OK
Okla.
Ok.
Oregon
OR
Oreg.
Ore.
Or.
Pennsylvania
PA
Pa.
Pa
Penn.
Penna.
Rhode Island
RI
R.I.
South Carolina
SC
S.C.
S.Car.
S. Car.
South Dakota
SD
S.D.
S.Dak.
S. Dak.
Tennessee
TN
Tenn.
Tn.
Texas
TX
Tex.
Tx.
Utah
UT
Ut.
Vermont
VT
Vt.
Virginia
VA
Va.
Virg.
Washington
WA
Wash.
Wa.
Wn.
West Virginia
WV
W. Va.
W.Va.
W.V.
W. Virg.
Wisconsin
WI
Wis.
Wi.
Wisc.
Wyoming
WY
Wyo.
Wy.
American Samoa
AS
A.S.
Northern Mariana Islands
MP
M.P.
Puerto Rico
PR
P.R.
Virgin Islands
VI
V.I.